TLC2 Version 2.19 of 08 August 2024 (rev: 5a47802)
Running breadth-first search Model-Checking with fp 0 and seed 0 with 1 worker on 16 cores with 27300MB heap and 64MB offheap memory [pid: 16304] (Mac OS X 26.6.2 aarch64, Eclipse Adoptium 21.0.12.1 x86_64, MSBDiskFPSet, DiskStateQueue).
Parsing file /Users/eserie/galaxies/oxymake/.worktrees/task-20260905-83cb/spec/tla/CooperativeClaim.tla
Parsing file /private/var/folders/_f/yp39_pl932l59d2ckz60rnq00000gn/T/Naturals.tla
Parsing file /private/var/folders/_f/yp39_pl932l59d2ckz60rnq00000gn/T/FiniteSets.tla
Parsing file /private/var/folders/_f/yp39_pl932l59d2ckz60rnq00000gn/T/TLC.tla
Parsing file /private/var/folders/_f/yp39_pl932l59d2ckz60rnq00000gn/T/Sequences.tla
Semantic processing of module Naturals
Semantic processing of module Sequences
Semantic processing of module FiniteSets
Semantic processing of module TLC
Semantic processing of module CooperativeClaim
Starting... (2026-09-05 12:44:35)
Computing initial states...
Finished computing initial states: 1 distinct state generated at 2026-09-05 12:44:35.
Error: Invariant DoneByClaimHolder is violated.
Error: The behavior up to this point is:
State 1: <Initial predicate>
/\ done_by = (j1 :> NULL @@ j2 :> NULL)
/\ local_running = (s1 :> {} @@ s2 :> {} @@ s3 :> {})
/\ claim_session = (j1 :> NULL @@ j2 :> NULL)
/\ alive = {s1, s2, s3}
/\ heartbeat = (s1 :> 0 @@ s2 :> 0 @@ s3 :> 0)
/\ status = (j1 :> "pending" @@ j2 :> "pending")
/\ clock = 0

State 2: <Tick line 89, col 5 to line 92, col 43 of module CooperativeClaim>
/\ done_by = (j1 :> NULL @@ j2 :> NULL)
/\ local_running = (s1 :> {} @@ s2 :> {} @@ s3 :> {})
/\ claim_session = (j1 :> NULL @@ j2 :> NULL)
/\ alive = {s1, s2, s3}
/\ heartbeat = (s1 :> 0 @@ s2 :> 0 @@ s3 :> 0)
/\ status = (j1 :> "pending" @@ j2 :> "pending")
/\ clock = 1

State 3: <Tick line 89, col 5 to line 92, col 43 of module CooperativeClaim>
/\ done_by = (j1 :> NULL @@ j2 :> NULL)
/\ local_running = (s1 :> {} @@ s2 :> {} @@ s3 :> {})
/\ claim_session = (j1 :> NULL @@ j2 :> NULL)
/\ alive = {s1, s2, s3}
/\ heartbeat = (s1 :> 0 @@ s2 :> 0 @@ s3 :> 0)
/\ status = (j1 :> "pending" @@ j2 :> "pending")
/\ clock = 2

State 4: <Claim line 112, col 5 to line 116, col 53 of module CooperativeClaim>
/\ done_by = (j1 :> NULL @@ j2 :> NULL)
/\ local_running = (s1 :> {j1} @@ s2 :> {} @@ s3 :> {})
/\ claim_session = (j1 :> s1 @@ j2 :> NULL)
/\ alive = {s1, s2, s3}
/\ heartbeat = (s1 :> 0 @@ s2 :> 0 @@ s3 :> 0)
/\ status = (j1 :> "running" @@ j2 :> "pending")
/\ clock = 2

State 5: <Reclaim line 145, col 5 to line 154, col 68 of module CooperativeClaim>
/\ done_by = (j1 :> NULL @@ j2 :> NULL)
/\ local_running = (s1 :> {j1} @@ s2 :> {} @@ s3 :> {})
/\ claim_session = (j1 :> NULL @@ j2 :> NULL)
/\ alive = {s1, s2, s3}
/\ heartbeat = (s1 :> 0 @@ s2 :> 0 @@ s3 :> 0)
/\ status = (j1 :> "pending" @@ j2 :> "pending")
/\ clock = 2

State 6: <Claim line 112, col 5 to line 116, col 53 of module CooperativeClaim>
/\ done_by = (j1 :> NULL @@ j2 :> NULL)
/\ local_running = (s1 :> {j1} @@ s2 :> {j1} @@ s3 :> {})
/\ claim_session = (j1 :> s2 @@ j2 :> NULL)
/\ alive = {s1, s2, s3}
/\ heartbeat = (s1 :> 0 @@ s2 :> 0 @@ s3 :> 0)
/\ status = (j1 :> "running" @@ j2 :> "pending")
/\ clock = 2

State 7: <Terminalize line 170, col 5 to line 177, col 59 of module CooperativeClaim>
/\ done_by = (j1 :> s1 @@ j2 :> NULL)
/\ local_running = (s1 :> {} @@ s2 :> {j1} @@ s3 :> {})
/\ claim_session = (j1 :> s2 @@ j2 :> NULL)
/\ alive = {s1, s2, s3}
/\ heartbeat = (s1 :> 0 @@ s2 :> 0 @@ s3 :> 0)
/\ status = (j1 :> "done" @@ j2 :> "pending")
/\ clock = 2

10997 states generated, 3130 distinct states found, 2150 states left on queue.
The depth of the complete state graph search is 7.
The average outdegree of the complete state graph is 3 (minimum is 0, the maximum 13 and the 95th percentile is 10).
Finished in 00s at (2026-09-05 12:44:35)
